2026-03-07 22:15:09 - SEH crash
2026-03-07 22:15:09 - stack:
  [0] 0x7ff6e0fe6237
  [1] 0x7ff6e0fe1163
  [2] 0x7ff972f3c507
  [3] 0x7ff9754158d8
  [4] 0x7ff9753fce46
  [5] 0x7ff97541296f
  [6] 0x7ff9753c2554
  [7] 0x7ff97541147e
  [8] 0x7ff6e0ff9cdd
  [9] 0x7ff6e0ffe809
  [10] 0x7ff6e100c7c9
  [11] 0x7ff6e0feefff
  [12] 0x7ff972d01bb2
  [13] 0x7ff973977374
  [14] 0x7ff9753bcc91
  exception code: 0xc0000005
2026-03-07 23:10:58 - SEH crash
2026-03-07 23:10:58 - stack:
  [0] 0x7ff765616237
  [1] 0x7ff765611163
  [2] 0x7ff972f3c507
  [3] 0x7ff9754158d8
  [4] 0x7ff9753fce46
  [5] 0x7ff97541296f
  [6] 0x7ff9753c2554
  [7] 0x7ff97541147e
  [8] 0x7ff765636892
  [9] 0x7ff76563a41c
  [10] 0x7ff76562acca
  [11] 0x7ff76562f669
  [12] 0x7ff76563e369
  [13] 0x7ff76561efff
  [14] 0x7ff972d01bb2
  [15] 0x7ff973977374
  [16] 0x7ff9753bcc91
  exception code: 0xc0000005
2026-03-07 23:10:58 - minidump: written to blockgame_crash.dmp
